###############################################################################
#
# IAR ELF Linker V8.30.2.160/W32 for ARM                  18/Jan/2019  00:31:53
# Copyright 2007-2018 IAR Systems AB.
#
#    Output file  =  C:\Users\Carnival\Milestone-4\Debug\Exe\GPIO_TEST.out
#    Map file     =  C:\Users\Carnival\Milestone-4\Debug\List\GPIO_TEST.map
#    Command line =  
#        -f C:\Users\Carnival\AppData\Local\Temp\EW8068.tmp
#        (C:\Users\Carnival\Milestone-4\Debug\Obj\calculation.o
#        C:\Users\Carnival\Milestone-4\driverlib\ewarm\Exe\driverlib.a
#        C:\Users\Carnival\Milestone-4\Debug\Obj\eeprom.o
#        C:\Users\Carnival\Milestone-4\Debug\Obj\keypad.o
#        C:\Users\Carnival\Milestone-4\Debug\Obj\lcd.o
#        C:\Users\Carnival\Milestone-4\Debug\Obj\main.o
#        C:\Users\Carnival\Milestone-4\Debug\Obj\startup_ewarm.o --redirect
#        _Printf=_PrintfFullNoMb --redirect _Scanf=_ScanfFullNoMb
#        --no_out_extension -o
#        C:\Users\Carnival\Milestone-4\Debug\Exe\GPIO_TEST.out --map
#        C:\Users\Carnival\Milestone-4\Debug\List\GPIO_TEST.map --config
#        "C:\Program Files (x86)\IAR Systems\Embedded Workbench
#        8.1\arm\config\linker\TexasInstruments\TM4C123GH6.icf" --semihosting
#        --entry __iar_program_start --vfe --text_out locale)
#
###############################################################################

*******************************************************************************
*** MESSAGES
***

Warning[Lt009]: Inconsistent wchar_t size
            sysctl.o(driverlib.a) and 2 other objects have wchar_t size 16 bits
            calculation.o and 29 other objects, some of them in dl7M_tln.a and
                      16 other libraries have wchar_t size 32 bits


*******************************************************************************
*** RUNTIME MODEL ATTRIBUTES
***

CppFlavor       = *
__SystemLibrary = DLib
__dlib_version  = 6


*******************************************************************************
*** HEAP SELECTION
***

The basic heap was selected because some modules are built with
size limitations (and not runtime checking), and --advanced_heap
was not specified.


*******************************************************************************
*** PLACEMENT SUMMARY
***

"A0":  place at 0x0 { ro section .intvec };
"P1":  place in [from 0x0 to 0x3'ffff] { ro };
define block CSTACK with size = 4K, alignment = 8 { };
define block HEAP with size = 8K, alignment = 8 { };
"P2":  place in [from 0x2000'0000 to 0x2000'7fff] {
          rw, block CSTACK, block HEAP };
do not initialize { section .noinit };
initialize by copy { rw };

  Section            Kind         Address    Size  Object
  -------            ----         -------    ----  ------
"A0":                                       0x26c
  .intvec            const            0x0   0x26c  startup_ewarm.o [1]
                                  - 0x26c   0x26c

"P1":                                      0x2538
  .text              ro code        0x26c   0xe26  xprintffull_nomb.o [2]
  .text              ro code       0x1094    0x16  strchr.o [5]
  .text              ro code       0x10ac    0x40  xfail_s.o [2]
  .text              ro code       0x10ec    0x36  strlen.o [5]
  .text              ro code       0x1124    0x58  memchr.o [5]
  .text              ro code       0x117c   0x230  I64DivMod.o [5]
  .text              ro code       0x13ac   0x1a2  DblMul.o [4]
  .text              ro code       0x1550    0x76  ABImemcpy_unaligned.o [5]
  .text              ro code       0x15c8    0x70  frexp.o [4]
  .text              ro code       0x1638    0x2e  DblCmpLe.o [4]
  .text              ro code       0x1668    0x2e  DblCmpGe.o [4]
  .text              ro code       0x1698   0x13a  ldexp.o [4]
  .text              ro code       0x17d4    0x3a  DblToS32.o [4]
  .text              ro code       0x1810    0x22  S32ToDbl.o [4]
  .text              ro code       0x1834    0xe2  DblSub.o [4]
  .text              ro code       0x1918   0x246  DblDiv.o [4]
  .text              ro code       0x1b60    0x28  DblToU32.o [4]
  .text              ro code       0x1b88    0x1a  U32ToDbl.o [4]
  .text              ro code       0x1ba2     0x6  abort.o [2]
  .text              ro code       0x1ba8     0x2  I64DivZer.o [5]
  .text              ro code       0x1bac   0x16a  DblAdd.o [4]
  .text              ro code       0x1d18    0x14  exit.o [6]
  .text              ro code       0x1d2c    0x80  iarttio.o [6]
  .text              ro code       0x1dac    0x3c  XShttio.o [2]
  .text              ro code       0x1de8   0x1c8  main.o [1]
  .text              ro code       0x1fb0   0x116  lcd.o [1]
  .text              ro code       0x20c8   0x180  keypad.o [1]
  .text              ro code       0x2248   0x14c  eeprom.o [1]
  .text              ro code       0x2394     0x8  sysctl.o [3]
  .text              ro code       0x239c    0x28  printf.o [2]
  .text              ro code       0x23c4   0x1a8  calculation.o [1]
  .text              ro code       0x256c    0x38  packbits_init_single.o [5]
  .text              ro code       0x25a4    0x2e  startup_ewarm.o [1]
  .text              ro code       0x25d4    0x22  fpinit_M.o [4]
  .text              ro code       0x25f8    0x1e  cmain.o [5]
  .text              ro code       0x2616     0x4  low_level_init.o [2]
  .text              ro code       0x261c    0x28  data_init.o [5]
  .text              ro code       0x2644     0x4  exit.o [2]
  .text              ro code       0x2648     0xa  cexit.o [5]
  .text              ro code       0x2652    0x22  iarwrite.o [6]
  .iar.init_table    const         0x2674    0x10  - Linker created -
  .text              ro code       0x2684    0x20  putchar.o [2]
  .text              ro code       0x26a4    0x10  write.o [6]
  .text              ro code       0x26b4    0x1e  dwrite.o [6]
  .text              ro code       0x26d2    0x20  iarwstd.o [6]
  .text              ro code       0x26f2    0x16  xprout.o [2]
  .rodata            const         0x2708    0x10  eeprom.o [1]
  .rodata            const         0x2718    0x10  eeprom.o [1]
  .rodata            const         0x2728    0x10  eeprom.o [1]
  .rodata            const         0x2738    0x10  eeprom.o [1]
  .rodata            const         0x2748    0x10  keypad.o [1]
  .rodata            const         0x2758     0x0  packbits_init_single.o [5]
  Initializer bytes  const         0x2758    0x4c  <for P2-1>
                                 - 0x27a4  0x2538

"P2", part 1 of 2:                           0x74
  P2-1                        0x2000'0000    0x74  <Init block>
    .data            inited   0x2000'0000    0x48  eeprom.o [1]
    .data            inited   0x2000'0048     0x8  XShttio.o [2]
    .bss             inited   0x2000'0050     0x8  calculation.o [1]
    .bss             inited   0x2000'0058     0x4  calculation.o [1]
    .bss             inited   0x2000'005c    0x10  eeprom.o [1]
    .bss             inited   0x2000'006c     0x4  xfail_s.o [2]
    .bss             inited   0x2000'0070     0x1  calculation.o [1]
    .bss             inited   0x2000'0071     0x1  calculation.o [1]
    .bss             inited   0x2000'0072     0x1  calculation.o [1]
    .bss             inited   0x2000'0073     0x1  XShttio.o [2]
                            - 0x2000'0074    0x74

"P2", part 2 of 2:                          0x200
  .noinit            uninit   0x2000'0074   0x200  startup_ewarm.o [1]
                            - 0x2000'0274   0x200

Unused ranges:

         From           To      Size
         ----           --      ----
       0x27a4     0x3'ffff  0x3'd85c
  0x2000'0274  0x2000'7fff    0x7d8c


*******************************************************************************
*** INIT TABLE
***

          Address      Size
          -------      ----
Copy/packbits (__iar_packbits_init_single3)
    1 source range, total size 0x4c (65% of destination):
               0x2758  0x4c
    1 destination range, total size 0x74:
          0x2000'0000  0x74



*******************************************************************************
*** MODULE SUMMARY
***

    Module                  ro code  ro data  rw data
    ------                  -------  -------  -------
command line/config:
    -------------------------------------------------
    Total:

C:\Users\Carnival\Milestone-4\Debug\Obj: [1]
    calculation.o               424       10       15
    eeprom.o                    332      121       88
    keypad.o                    384       16
    lcd.o                       278
    main.o                      456
    startup_ewarm.o              46      620      512
    -------------------------------------------------
    Total:                    1 920      767      615

dl7M_tln.a: [2]
    XShttio.o                    60        6        9
    abort.o                       6
    exit.o                        4
    low_level_init.o              4
    printf.o                     40
    putchar.o                    32
    xfail_s.o                    64        3        4
    xprintffull_nomb.o        3 622
    xprout.o                     22
    -------------------------------------------------
    Total:                    3 854        9       13

driverlib.a: [3]
    sysctl.o                      8
    -------------------------------------------------
    Total:                        8

m7M_tls.a: [4]
    DblAdd.o                    362
    DblCmpGe.o                   46
    DblCmpLe.o                   46
    DblDiv.o                    582
    DblMul.o                    418
    DblSub.o                    226
    DblToS32.o                   58
    DblToU32.o                   40
    S32ToDbl.o                   34
    U32ToDbl.o                   26
    fpinit_M.o                   34
    frexp.o                     112
    ldexp.o                     314
    -------------------------------------------------
    Total:                    2 298

rt7M_tl.a: [5]
    ABImemcpy_unaligned.o       118
    I64DivMod.o                 560
    I64DivZer.o                   2
    cexit.o                      10
    cmain.o                      30
    data_init.o                  40
    memchr.o                     88
    packbits_init_single.o       56
    strchr.o                     22
    strlen.o                     54
    -------------------------------------------------
    Total:                      980

shb_l.a: [6]
    dwrite.o                     30
    exit.o                       20
    iarttio.o                   128
    iarwrite.o                   34
    iarwstd.o                    32
    write.o                      16
    -------------------------------------------------
    Total:                      260

    Gaps                         36
    Linker created                        16
-----------------------------------------------------
    Grand Total:              9 356      792      628


*******************************************************************************
*** ENTRY LIST
***

Entry                       Address   Size  Type      Object
-----                       -------   ----  ----      ------
.iar.init_table$$Base        0x2674          --   Gb  - Linker created -
.iar.init_table$$Limit       0x2684          --   Gb  - Linker created -
?main                        0x25f9         Code  Gb  cmain.o [5]
EEPROM_init                  0x2249   0x44  Code  Gb  eeprom.o [1]
EEPROM_read                  0x22d7   0x38  Code  Gb  eeprom.o [1]
EEPROM_write                 0x228d   0x4a  Code  Gb  eeprom.o [1]
FaultISR                     0x25bf    0x2  Code  Lc  startup_ewarm.o [1]
GPIO_PORTC_Handler           0x24a3   0xb6  Code  Gb  calculation.o [1]
IntDefaultHandler            0x25c1    0x2  Code  Lc  startup_ewarm.o [1]
LCD_command                  0x2037   0x36  Code  Gb  lcd.o [1]
LCD_init                     0x1fc7   0x70  Code  Gb  lcd.o [1]
LoadInt                       0x41b   0x7a  Code  Lc  xprintffull_nomb.o [2]
NmiSR                        0x25bd    0x2  Code  Lc  startup_ewarm.o [1]
Region$$Table$$Base          0x2674          --   Gb  - Linker created -
Region$$Table$$Limit         0x2684          --   Gb  - Linker created -
ResetISR                     0x25a5   0x12  Code  Gb  startup_ewarm.o [1]
SysCtlDelay                  0x2395    0x8  Code  Gb  sysctl.o [3]
_GenldFullNoMb                0xd91  0x274  Code  Lc  xprintffull_nomb.o [2]
_LdtobFullNoMb                0x965  0x400  Code  Lc  xprintffull_nomb.o [2]
_LitobFullNoMb                0x80d  0x112  Code  Lc  xprintffull_nomb.o [2]
_PrintfFullNoMb               0x26d  0x19e  Code  Gb  xprintffull_nomb.o [2]
_Prout                       0x26f3   0x16  Code  Gb  xprout.o [2]
_PutcharsFullNoMb            0x1005   0x2e  Code  Lc  xprintffull_nomb.o [2]
_PutfldFullNoMb               0x495  0x26c  Code  Lc  xprintffull_nomb.o [2]
_PuttxtFullNoMb               0x701  0x10c  Code  Lc  xprintffull_nomb.o [2]
__aeabi_cdcmple              0x1639         Code  Gb  DblCmpLe.o [4]
__aeabi_cdrcmple             0x1669         Code  Gb  DblCmpGe.o [4]
__aeabi_d2iz                 0x17d5         Code  Gb  DblToS32.o [4]
__aeabi_d2uiz                0x1b61         Code  Gb  DblToU32.o [4]
__aeabi_ddiv                 0x1919         Code  Gb  DblDiv.o [4]
__aeabi_dmul                 0x13ad         Code  Gb  DblMul.o [4]
__aeabi_dsub                 0x1835         Code  Gb  DblSub.o [4]
__aeabi_i2d                  0x1811         Code  Gb  S32ToDbl.o [4]
__aeabi_ldiv0                0x1ba9         Code  Gb  I64DivZer.o [5]
__aeabi_ui2d                 0x1b89         Code  Gb  U32ToDbl.o [4]
__aeabi_uldivmod             0x117d         Code  Gb  I64DivMod.o [5]
__cmain                      0x25f9         Code  Gb  cmain.o [5]
__dwrite                     0x26b5   0x1e  Code  Gb  dwrite.o [6]
__exit                       0x1d19   0x14  Code  Gb  exit.o [6]
__iar_Fail_s                 0x10ad   0x1c  Code  Gb  xfail_s.o [2]
__iar_Memchr                 0x1125         Code  Gb  memchr.o [5]
__iar_Strchr                 0x1095         Code  Gb  strchr.o [5]
__iar_close_ttio             0x1d2d   0x2e  Code  Gb  iarttio.o [6]
__iar_dadd                   0x1845         Code  Gb  DblSub.o [4]
__iar_data_init3             0x261d   0x28  Code  Gb  data_init.o [5]
__iar_dsub                   0x1bad         Code  Gb  DblAdd.o [4]
__iar_dsubStart              0x1bbf         Code  Gb  DblAdd.o [4]
__iar_frexp                  0x15d5         Code  Gb  frexp.o [4]
__iar_frexpl                 0x15d5         Code  Gb  frexp.o [4]
__iar_get_ttio               0x1d5d   0x4c  Code  Gb  iarttio.o [6]
__iar_init_vfp               0x25d5         Code  Gb  fpinit_M.o [4]
__iar_ldexp64                0x1699         Code  Gb  ldexp.o [4]
__iar_lookup_ttioh           0x1ddb    0x4  Code  Gb  XShttio.o [2]
__iar_packbits_init_single3
                             0x256d   0x38  Code  Gb  packbits_init_single.o [5]
__iar_program_start          0x25c3   0x10  Code  Gb  startup_ewarm.o [1]
__iar_scalbln64              0x1699         Code  Gb  ldexp.o [4]
__iar_scalbn64               0x1699         Code  Gb  ldexp.o [4]
__iar_sh_stdout              0x26d3   0x20  Code  Gb  iarwstd.o [6]
__iar_sh_write               0x2653   0x22  Code  Gb  iarwrite.o [6]
__iar_softfp___iar_frexp64
                             0x15c9         Code  Gb  frexp.o [4]
__iar_softfp_frexp           0x15c9         Code  Gb  frexp.o [4]
__iar_softfp_frexpl          0x15c9         Code  Gb  frexp.o [4]
__iar_ttio_guard_lock        0x1dad   0x1e  Code  Gb  XShttio.o [2]
__iar_ttio_guard_unlock
                             0x1dcb   0x10  Code  Gb  XShttio.o [2]
__iar_ttio_handles      0x2000'0048    0x8  Data  Lc  XShttio.o [2]
__iar_unaligned_memcpy       0x1551         Code  Gb  ABImemcpy_unaligned.o [5]
__iar_unaligned_memcpy4
                             0x1571         Code  Gb  ABImemcpy_unaligned.o [5]
__iar_unaligned_memcpy8
                             0x1571         Code  Gb  ABImemcpy_unaligned.o [5]
__low_level_init             0x2617    0x4  Code  Gb  low_level_init.o [2]
__vector_table                  0x0  0x26c  Data  Gb  startup_ewarm.o [1]
__write                      0x26a5   0x10  Code  Gb  write.o [6]
_call_main                   0x2605         Code  Gb  cmain.o [5]
_exit                        0x2649         Code  Gb  cexit.o [5]
_main                        0x2613         Code  Gb  cmain.o [5]
abort                        0x1ba3    0x6  Code  Gb  abort.o [2]
calc                    0x2000'0071    0x1  Data  Gb  calculation.o [1]
calcMessage                  0x1eb9   0x70  Code  Gb  main.o [1]
contact                 0x2000'0072    0x1  Data  Gb  calculation.o [1]
delayMs                      0x20c9   0x1a  Code  Gb  keypad.o [1]
delayUs                      0x1fb1   0x16  Code  Gb  lcd.o [1]
displayContacts              0x1f29   0x42  Code  Gb  main.o [1]
eeprom_storeContacts         0x230f   0x1e  Code  Gb  eeprom.o [1]
evaluate                     0x23dd   0x9c  Code  Gb  calculation.o [1]
exit                         0x2645    0x4  Code  Gb  exit.o [2]
exp                     0x2000'0050    0x8  Data  Gb  calculation.o [1]
flag                    0x2000'0070    0x1  Data  Gb  calculation.o [1]
i                       0x2000'0058    0x4  Data  Gb  calculation.o [1]
inttochar                    0x2479   0x2a  Code  Gb  calculation.o [1]
isOperand                    0x23c5   0x12  Code  Gb  calculation.o [1]
keypad_getkey                0x2159   0xba  Code  Gb  keypad.o [1]
keypad_init                  0x20e3   0x76  Code  Gb  keypad.o [1]
lcdNextLine                  0x20bd    0xa  Code  Gb  lcd.o [1]
lcd_clear                    0x20ad   0x10  Code  Gb  lcd.o [1]
lcd_data                     0x206d   0x24  Code  Gb  lcd.o [1]
ldexp                        0x1699         Code  Gb  ldexp.o [4]
ldexpl                       0x1699         Code  Gb  ldexp.o [4]
main                         0x1f6d   0x3c  Code  Gb  main.o [1]
memchr                       0x1125         Code  Gb  memchr.o [5]
printf                       0x239d   0x28  Code  Gb  printf.o [2]
pui32Stack              0x2000'0074  0x200  Data  Lc  startup_ewarm.o [1]
putchar                      0x2685   0x20  Code  Gb  putchar.o [2]
pwData                  0x2000'0000   0x48  Data  Gb  eeprom.o [1]
read_contacts                0x232d   0x34  Code  Gb  eeprom.o [1]
read_contacts::prData   0x2000'005c   0x10  Data  Lc  eeprom.o [1]
scalbln                      0x1699         Code  Gb  ldexp.o [4]
scalblnl                     0x1699         Code  Gb  ldexp.o [4]
scalbn                       0x1699         Code  Gb  ldexp.o [4]
scalbnl                      0x1699         Code  Gb  ldexp.o [4]
scale                         0x91f   0x46  Code  Lc  xprintffull_nomb.o [2]
sec_hand                0x2000'006c    0x4  Data  Lc  xfail_s.o [2]
strchr                       0x1095         Code  Gb  strchr.o [5]
strlen                       0x10ed         Code  Gb  strlen.o [5]
ttio_guard              0x2000'0073    0x1  Data  Lc  XShttio.o [2]
value                        0x23d7    0x6  Code  Gb  calculation.o [1]
welcomeMessage               0x1de9   0xd0  Code  Gb  main.o [1]


[1] = C:\Users\Carnival\Milestone-4\Debug\Obj
[2] = dl7M_tln.a
[3] = driverlib.a
[4] = m7M_tls.a
[5] = rt7M_tl.a
[6] = shb_l.a

  9 356 bytes of readonly  code memory
    792 bytes of readonly  data memory
    628 bytes of readwrite data memory

Errors: none
Warnings: 1
