###############################################################################
#
# IAR ELF Linker V8.30.2.160/W32 for ARM                  29/Dec/2018  17:21:12
# Copyright 2007-2018 IAR Systems AB.
#
#    Output file  =  
#        G:\ASU\Class
#        2020\Microcontrollers\Assingments\Calculator\Debug\Exe\GPIO_TEST.out
#    Map file     =  
#        G:\ASU\Class
#        2020\Microcontrollers\Assingments\Calculator\Debug\List\GPIO_TEST.map
#    Command line =  
#        -f C:\Users\Carnival\AppData\Local\Temp\EW244F.tmp ("G:\ASU\Class
#        2020\Microcontrollers\Assingments\Calculator\Debug\Obj\charToint.o"
#        "G:\ASU\Class
#        2020\Microcontrollers\Assingments\Calculator\Debug\Obj\intTochar.o"
#        "G:\ASU\Class
#        2020\Microcontrollers\Assingments\Calculator\Debug\Obj\keypad.o"
#        "G:\ASU\Class
#        2020\Microcontrollers\Assingments\Calculator\Debug\Obj\lcd.o"
#        "G:\ASU\Class
#        2020\Microcontrollers\Assingments\Calculator\Debug\Obj\main.o"
#        "G:\ASU\Class
#        2020\Microcontrollers\Assingments\Calculator\Debug\Obj\startup_ewarm.o"
#        --no_out_extension -o "G:\ASU\Class
#        2020\Microcontrollers\Assingments\Calculator\Debug\Exe\GPIO_TEST.out"
#        --redirect _Printf=_PrintfFullNoMb --redirect _Scanf=_ScanfFullNoMb
#        --map "G:\ASU\Class
#        2020\Microcontrollers\Assingments\Calculator\Debug\List\GPIO_TEST.map"
#        --config "C:\Program Files (x86)\IAR Systems\Embedded Workbench
#        8.1\arm\config\linker\TexasInstruments\TM4C123GH6.icf" --semihosting
#        --entry __iar_program_start --vfe --text_out locale)
#
###############################################################################

*******************************************************************************
*** RUNTIME MODEL ATTRIBUTES
***

CppFlavor       = *
__SystemLibrary = DLib
__dlib_version  = 6


*******************************************************************************
*** HEAP SELECTION
***

The basic heap was selected because some modules are built with
size limitations (and not runtime checking), and --advanced_heap
was not specified.


*******************************************************************************
*** PLACEMENT SUMMARY
***

"A0":  place at 0x0 { ro section .intvec };
"P1":  place in [from 0x0 to 0x3'ffff] { ro };
define block CSTACK with size = 4K, alignment = 8 { };
define block HEAP with size = 8K, alignment = 8 { };
"P2":  place in [from 0x2000'0000 to 0x2000'7fff] {
          rw, block CSTACK, block HEAP };
do not initialize { section .noinit };

  Section  Kind         Address   Size  Object
  -------  ----         -------   ----  ------
"A0":                            0x26c
  .intvec  const            0x0  0x26c  startup_ewarm.o [1]
                        - 0x26c  0x26c

"P1":                            0x44c
  .text    ro code        0x26c  0x1a4  keypad.o [1]
  .text    ro code        0x410   0x56  ABImemcpy_unaligned.o [4]
  .text    ro code        0x468   0xfc  lcd.o [1]
  .text    ro code        0x564   0xa8  main.o [1]
  .text    ro code        0x60c   0x2e  startup_ewarm.o [1]
  .text    ro code        0x63c   0x22  fpinit_M.o [3]
  .text    ro code        0x660   0x1e  cmain.o [4]
  .text    ro code        0x67e    0x4  low_level_init.o [2]
  .text    ro code        0x682    0x4  exit.o [2]
  .text    ro code        0x688    0xa  cexit.o [4]
  .text    ro code        0x694   0x14  exit.o [5]
  .rodata  const          0x6a8   0x10  keypad.o [1]
                        - 0x6b8  0x44c

"P2":                            0x200
  .noinit  uninit   0x2000'0000  0x200  startup_ewarm.o [1]
                  - 0x2000'0200  0x200

Unused ranges:

         From           To      Size
         ----           --      ----
        0x6b8     0x3'ffff  0x3'f948
  0x2000'0200  0x2000'7fff    0x7e00



*******************************************************************************
*** MODULE SUMMARY
***

    Module                 ro code  ro data  rw data
    ------                 -------  -------  -------
command line/config:
    ------------------------------------------------
    Total:

G:\ASU\Class 2020\Microcontrollers\Assingments\Calculator\Debug\Obj: [1]
    keypad.o                   420       16
    lcd.o                      252
    main.o                     168
    startup_ewarm.o             46      620      512
    ------------------------------------------------
    Total:                     886      636      512

dl7M_tln.a: [2]
    exit.o                       4
    low_level_init.o             4
    ------------------------------------------------
    Total:                       8

m7M_tls.a: [3]
    fpinit_M.o                  34
    ------------------------------------------------
    Total:                      34

rt7M_tl.a: [4]
    ABImemcpy_unaligned.o       86
    cexit.o                     10
    cmain.o                     30
    ------------------------------------------------
    Total:                     126

shb_l.a: [5]
    exit.o                      20
    ------------------------------------------------
    Total:                      20

    Gaps                        10
----------------------------------------------------
    Grand Total:             1 084      636      512


*******************************************************************************
*** ENTRY LIST
***

Entry                       Address   Size  Type      Object
-----                       -------   ----  ----      ------
?main                         0x661         Code  Gb  cmain.o [4]
FaultISR                      0x627    0x2  Code  Lc  startup_ewarm.o [1]
GPIO_PORTC_Handler            0x3ed   0x24  Code  Gb  keypad.o [1]
IntDefaultHandler             0x629    0x2  Code  Lc  startup_ewarm.o [1]
LCD_command                   0x4ef   0x36  Code  Gb  lcd.o [1]
LCD_init                      0x47f   0x70  Code  Gb  lcd.o [1]
NmiSR                         0x625    0x2  Code  Lc  startup_ewarm.o [1]
Region$$Table$$Base             0x0          --   Gb  - Linker created -
Region$$Table$$Limit            0x0          --   Gb  - Linker created -
ResetISR                      0x60d   0x12  Code  Gb  startup_ewarm.o [1]
__cmain                       0x661         Code  Gb  cmain.o [4]
__exit                        0x695   0x14  Code  Gb  exit.o [5]
__iar_init_vfp                0x63d         Code  Gb  fpinit_M.o [3]
__iar_program_start           0x62b   0x10  Code  Gb  startup_ewarm.o [1]
__iar_unaligned_memcpy4
                              0x411         Code  Gb  ABImemcpy_unaligned.o [4]
__iar_unaligned_memcpy8
                              0x411         Code  Gb  ABImemcpy_unaligned.o [4]
__low_level_init              0x67f    0x4  Code  Gb  low_level_init.o [2]
__vector_table                  0x0  0x26c  Data  Gb  startup_ewarm.o [1]
_call_main                    0x66d         Code  Gb  cmain.o [4]
_exit                         0x689         Code  Gb  cexit.o [4]
_main                         0x67b         Code  Gb  cmain.o [4]
delayMs                       0x26d   0x1a  Code  Gb  keypad.o [1]
delayUs                       0x469   0x16  Code  Gb  lcd.o [1]
exit                          0x683    0x4  Code  Gb  exit.o [2]
keypad_getkey                 0x2fd   0xba  Code  Gb  keypad.o [1]
keypad_init                   0x287   0x76  Code  Gb  keypad.o [1]
lcd_data                      0x525   0x24  Code  Gb  lcd.o [1]
main                          0x565   0xa8  Code  Gb  main.o [1]
pui32Stack              0x2000'0000  0x200  Data  Lc  startup_ewarm.o [1]


[1] = G:\ASU\Class 2020\Microcontrollers\Assingments\Calculator\Debug\Obj
[2] = dl7M_tln.a
[3] = m7M_tls.a
[4] = rt7M_tl.a
[5] = shb_l.a

  1 084 bytes of readonly  code memory
    636 bytes of readonly  data memory
    512 bytes of readwrite data memory

Errors: none
Warnings: none
