###############################################################################
#
# IAR ELF Linker V8.30.2.160/W32 for ARM                  29/Dec/2018  14:59:33
# Copyright 2007-2018 IAR Systems AB.
#
#    Output file  =  
#        G:\ASU\Class
#        2020\Microcontrollers\Assingments\Calculator\Debug\Exe\GPIO_TEST.out
#    Map file     =  
#        G:\ASU\Class
#        2020\Microcontrollers\Assingments\Calculator\Debug\List\GPIO_TEST.map
#    Command line =  
#        -f C:\Users\Carnival\AppData\Local\Temp\EW6D19.tmp ("G:\ASU\Class
#        2020\Microcontrollers\Assingments\Calculator\Debug\Obj\charToint.o"
#        "G:\ASU\Class
#        2020\Microcontrollers\Assingments\Calculator\Debug\Obj\intTochar.o"
#        "G:\ASU\Class
#        2020\Microcontrollers\Assingments\Calculator\Debug\Obj\keypad.o"
#        "G:\ASU\Class
#        2020\Microcontrollers\Assingments\Calculator\Debug\Obj\lcd.o"
#        "G:\ASU\Class
#        2020\Microcontrollers\Assingments\Calculator\Debug\Obj\main.o"
#        --no_out_extension -o "G:\ASU\Class
#        2020\Microcontrollers\Assingments\Calculator\Debug\Exe\GPIO_TEST.out"
#        --redirect _Printf=_PrintfFullNoMb --redirect _Scanf=_ScanfFullNoMb
#        --map "G:\ASU\Class
#        2020\Microcontrollers\Assingments\Calculator\Debug\List\GPIO_TEST.map"
#        --config "C:\Program Files (x86)\IAR Systems\Embedded Workbench
#        8.1\arm\config\linker\TexasInstruments\TM4C123GH6.icf" --semihosting
#        --entry __iar_program_start --vfe --text_out locale)
#
###############################################################################

*******************************************************************************
*** RUNTIME MODEL ATTRIBUTES
***

CppFlavor       = *
__SystemLibrary = DLib
__dlib_version  = 6


*******************************************************************************
*** HEAP SELECTION
***

The basic heap was selected because some modules are built with
size limitations (and not runtime checking), and --advanced_heap
was not specified.


*******************************************************************************
*** PLACEMENT SUMMARY
***

"A0":  place at 0x0 { ro section .intvec };
"P1":  place in [from 0x0 to 0x3'ffff] { ro };
define block CSTACK with size = 4K, alignment = 8 { };
define block HEAP with size = 8K, alignment = 8 { };
"P2":  place in [from 0x2000'0000 to 0x2000'7fff] {
          rw, block CSTACK, block HEAP };
initialize by copy { rw };

  Section            Kind         Address    Size  Object
  -------            ----         -------    ----  ------
"A0":                                        0x40
  .intvec            ro code          0x0    0x40  vector_table_M.o [4]
                                   - 0x40    0x40

"P1":                                       0xafe
  .text              ro code         0x40   0x59c  main.o [1]
  .text              ro code        0x5dc    0xe8  lcd.o [1]
  .text              ro code        0x6c4   0x124  keypad.o [1]
  .text              ro code        0x7e8   0x1ac  intTochar.o [1]
  .text              ro code        0x994    0x52  charToint.o [1]
  .text              ro code        0x9e6     0x2  vector_table_M.o [4]
  .text              ro code        0x9e8    0x56  ABImemcpy_unaligned.o [4]
  .text              ro code        0xa3e    0x38  packbits_init_single.o [4]
  .text              ro code        0xa78    0x28  data_init.o [4]
  .text              ro code        0xaa0    0x22  fpinit_M.o [3]
  .iar.init_table    const          0xac4    0x10  - Linker created -
  .text              ro code        0xad4    0x1e  cmain.o [4]
  .text              ro code        0xaf2     0x4  low_level_init.o [2]
  .text              ro code        0xaf6     0x4  exit.o [2]
  .text              ro code        0xafc     0xa  cexit.o [4]
  .text              ro code        0xb08    0x14  exit.o [5]
  .rodata            const          0xb1c    0x10  keypad.o [1]
  .text              ro code        0xb2c     0xc  cstartup_M.o [4]
  .rodata            const          0xb38     0x0  packbits_init_single.o [4]
  Initializer bytes  const          0xb38     0x6  <for P2-1>
                                  - 0xb3e   0xafe

"P2", part 1 of 2:                           0x18
  P2-1                        0x2000'0000    0x18  <Init block>
    .bss             inited   0x2000'0000     0x4  main.o [1]
    .bss             inited   0x2000'0004     0x8  main.o [1]
    .bss             inited   0x2000'000c     0x4  main.o [1]
    .bss             inited   0x2000'0010     0x4  main.o [1]
    .data            inited   0x2000'0014     0x1  main.o [1]
    .bss             inited   0x2000'0015     0x1  main.o [1]
    .bss             inited   0x2000'0016     0x1  main.o [1]
    .bss             inited   0x2000'0017     0x1  main.o [1]
                            - 0x2000'0018    0x18

"P2", part 2 of 2:                         0x1000
  CSTACK                      0x2000'0018  0x1000  <Block>
    CSTACK           uninit   0x2000'0018  0x1000  <Block tail>
                            - 0x2000'1018  0x1000

Unused ranges:

         From           To      Size
         ----           --      ----
        0xb3e     0x3'ffff  0x3'f4c2
  0x2000'1018  0x2000'7fff    0x6fe8


*******************************************************************************
*** INIT TABLE
***

          Address      Size
          -------      ----
Copy/packbits (__iar_packbits_init_single3)
    1 source range, total size 0x6 (25% of destination):
                0xb38   0x6
    1 destination range, total size 0x18:
          0x2000'0000  0x18



*******************************************************************************
*** MODULE SUMMARY
***

    Module                  ro code  ro data  rw data
    ------                  -------  -------  -------
command line/config:
    -------------------------------------------------
    Total:

G:\ASU\Class 2020\Microcontrollers\Assingments\Calculator\Debug\Obj: [1]
    charToint.o                  82
    intTochar.o                 428
    keypad.o                    292       16
    lcd.o                       232
    main.o                    1 436        6       24
    -------------------------------------------------
    Total:                    2 470       22       24

dl7M_tln.a: [2]
    exit.o                        4
    low_level_init.o              4
    -------------------------------------------------
    Total:                        8

m7M_tls.a: [3]
    fpinit_M.o                   34
    -------------------------------------------------
    Total:                       34

rt7M_tl.a: [4]
    ABImemcpy_unaligned.o        86
    cexit.o                      10
    cmain.o                      30
    cstartup_M.o                 12
    data_init.o                  40
    packbits_init_single.o       56
    vector_table_M.o             66
    -------------------------------------------------
    Total:                      300

shb_l.a: [5]
    exit.o                       20
    -------------------------------------------------
    Total:                       20

    Gaps                          6        2
    Linker created                        16    4 096
-----------------------------------------------------
    Grand Total:              2 838       40    4 120


*******************************************************************************
*** ENTRY LIST
***

Entry                       Address   Size  Type      Object
-----                       -------   ----  ----      ------
.iar.init_table$$Base         0xac4          --   Gb  - Linker created -
.iar.init_table$$Limit        0xad4          --   Gb  - Linker created -
?main                         0xad5         Code  Gb  cmain.o [4]
CSTACK$$Base            0x2000'0018          --   Gb  - Linker created -
CSTACK$$Limit           0x2000'1018          --   Gb  - Linker created -
LCD_command                   0x64d   0x36  Code  Gb  lcd.o [1]
LCD_init                      0x5dd   0x70  Code  Gb  lcd.o [1]
Region$$Table$$Base           0xac4          --   Gb  - Linker created -
Region$$Table$$Limit          0xad4          --   Gb  - Linker created -
__cmain                       0xad5         Code  Gb  cmain.o [4]
__exit                        0xb09   0x14  Code  Gb  exit.o [5]
__iar_data_init3              0xa79   0x28  Code  Gb  data_init.o [4]
__iar_init_vfp                0xaa1         Code  Gb  fpinit_M.o [3]
__iar_packbits_init_single3
                              0xa3f   0x38  Code  Gb  packbits_init_single.o [4]
__iar_program_start           0xb2d         Code  Gb  cstartup_M.o [4]
__iar_unaligned_memcpy4
                              0x9e9         Code  Gb  ABImemcpy_unaligned.o [4]
__iar_unaligned_memcpy8
                              0x9e9         Code  Gb  ABImemcpy_unaligned.o [4]
__low_level_init              0xaf3    0x4  Code  Gb  low_level_init.o [2]
__vector_table                  0x0         Data  Gb  vector_table_M.o [4]
_call_main                    0xae1         Code  Gb  cmain.o [4]
_exit                         0xafd         Code  Gb  cexit.o [4]
_main                         0xaef         Code  Gb  cmain.o [4]
calculate_operand             0x51b   0x54  Code  Gb  main.o [1]
charToint                     0x995   0x52  Code  Gb  charToint.o [1]
delayMs                       0x5ad   0x1a  Code  Gb  main.o [1]
delayUs                       0x5c7   0x16  Code  Gb  main.o [1]
error                         0x4bd   0x5e  Code  Gb  main.o [1]
exit                          0xaf7    0x4  Code  Gb  exit.o [2]
i                       0x2000'0000    0x4  Data  Gb  main.o [1]
intTochar                     0x7e9  0x1ac  Code  Gb  intTochar.o [1]
key                     0x2000'0017    0x1  Data  Gb  main.o [1]
keypad_getkey                 0x70b   0xba  Code  Gb  keypad.o [1]
keypad_init                   0x6c5   0x46  Code  Gb  keypad.o [1]
lcd_data                      0x683   0x24  Code  Gb  lcd.o [1]
main                           0x41  0x47c  Code  Gb  main.o [1]
no                      0x2000'0004    0x8  Data  Gb  main.o [1]
op                      0x2000'0010    0x4  Data  Gb  main.o [1]
sign                    0x2000'0015    0x1  Data  Gb  main.o [1]
store                         0x56f    0xc  Code  Gb  main.o [1]
sum                     0x2000'000c    0x4  Data  Gb  main.o [1]
x                       0x2000'0016    0x1  Data  Gb  main.o [1]
z                       0x2000'0014    0x1  Data  Gb  main.o [1]


[1] = G:\ASU\Class 2020\Microcontrollers\Assingments\Calculator\Debug\Obj
[2] = dl7M_tln.a
[3] = m7M_tls.a
[4] = rt7M_tl.a
[5] = shb_l.a

  2 838 bytes of readonly  code memory
     40 bytes of readonly  data memory
  4 120 bytes of readwrite data memory

Errors: none
Warnings: none
